A51 MACRO ASSEMBLER  INTERRUPT                                                            08/29/2016 15:49:10 PAGE     1


MACRO ASSEMBLER A51 V8.02c
OBJECT MODULE PLACED IN .\Objects\interrupt.obj
ASSEMBLER INVOKED BY: C:\Keil_v5\C51\BIN\A51.EXE interrupt.asm SET(SMALL) DEBUG PRINT(.\Listings\interrupt.lst) OBJECT(.
                      \Objects\interrupt.obj) EP

LOC  OBJ            LINE     SOURCE

0000                   1     org 00H
0000 020100            2             LJMP main
                       3             
000B                   4     org 000BH
000B 020121            5             LJMP interruptJumpsHere
                       6     
0100                   7     org 100H
0100                   8             main:
0100 758901            9             MOV TMOD, #01H
0103                  10             loopMain:
0103 C297             11             CLR P1.7
0105 C296             12             CLR P1.6
0107 758A00           13             MOV TL0, #00H
010A 758C00           14             MOV TH0, #00H
010D 75A882           15             MOV IE, #82H
0110 B297             16             CPL P1.7
0112 120119           17             LCALL delay
                      18             ;LJMP loopMain  
0115 B297             19             CPL p1.7
0117 80FE             20             stop: sjmp stop
                      21             
                      22             
                      23             
0119                  24     delay:
0119 7E1F             25             MOV R6, #31
011B                  26             loopDelay:
011B D28C             27                     SETB    TR0     
011D 3096FD           28                     here: JNB P1.6  , here          
0120 22               29             RET
                      30             
0121                  31             interruptJumpsHere:
0121 DE03             32                     DJNZ R6, down
0123 D296             33                     SETB P1.6
0125 32               34                     RETI
0126                  35                     down:
0126 32               36                     RETI
                      37             
                      38     END
A51 MACRO ASSEMBLER  INTERRUPT                                                            08/29/2016 15:49:10 PAGE     2

SYMBOL TABLE LISTING
------ ----- -------


N A M E             T Y P E  V A L U E   ATTRIBUTES

DELAY. . . . . . .  C ADDR   0119H   A   
DOWN . . . . . . .  C ADDR   0126H   A   
HERE . . . . . . .  C ADDR   011DH   A   
IE . . . . . . . .  D ADDR   00A8H   A   
INTERRUPTJUMPSHERE  C ADDR   0121H   A   
LOOPDELAY. . . . .  C ADDR   011BH   A   
LOOPMAIN . . . . .  C ADDR   0103H   A   
MAIN . . . . . . .  C ADDR   0100H   A   
P1 . . . . . . . .  D ADDR   0090H   A   
STOP . . . . . . .  C ADDR   0117H   A   
TH0. . . . . . . .  D ADDR   008CH   A   
TL0. . . . . . . .  D ADDR   008AH   A   
TMOD . . . . . . .  D ADDR   0089H   A   
TR0. . . . . . . .  B ADDR   0088H.4 A   


REGISTER BANK(S) USED: 0 


ASSEMBLY COMPLETE.  0 WARNING(S), 0 ERROR(S)
